// Vitest Snapshot v1, https://vitest.dev/guide/snapshot.html

exports[`Symbol.svelte > should render 1`] = `
<body>
  <div>
    <path
      aria-selected="false"
      d="M0 5A5 5 0 0 0 10 5A5 5 0 0 0 0 5"
      fill="none"
      fill-rule="evenodd"
      role="option"
      stroke="currentColor"
      stroke-width="0.5"
      tabindex="0"
      transform="translate(-5,-5)"
    />
  </div>
</body>
`;
