// Vitest Snapshot v1, https://vitest.dev/guide/snapshot.html

exports[`Sidebar.svelte > should render sidebar 1`] = `
<div>
  <aside
    class="sidebar flex flex-col"
  >
    <!---->
     
    <!---->
     
    <!---->
  </aside>
  
</div>
`;
