// Vitest Snapshot v1, https://vitest.dev/guide/snapshot.html

exports[`SlidingColumns.svelte > should render 1`] = `
<body>
  <div>
    <container
      class="relative grid h-full w-full overflow-hidden"
      tabindex="0"
    >
      <segment
        class="slide w-full h-full absolute one"
      >
        one
         
      </segment>
      
      
      <iframe
        aria-hidden="true"
        src="about:blank"
        style="display: block; position: absolute; top: 0; left: 0; width: 100%; height: 100%; overflow: hidden; border: 0; opacity: 0; pointer-events: none; z-index: -1;"
        tabindex="-1"
      />
    </container>
  </div>
</body>
`;
