// Vitest Snapshot v1, https://vitest.dev/guide/snapshot.html

exports[`Texture.svelte > should render pattern "Brick" using Texture 1`] = `
<div>
  <!---->
  <!---->
  <line
    stroke="none"
    stroke-linecap="round"
    stroke-width="0.5"
    x1="0"
    x2="5"
    y1="2.5"
    y2="2.5"
  />
  <line
    stroke="none"
    stroke-linecap="round"
    stroke-width="0.5"
    x1="5"
    x2="10"
    y1="7.5"
    y2="7.5"
  />
  <line
    stroke="none"
    stroke-linecap="round"
    stroke-width="0.5"
    x1="0"
    x2="0"
    y1="0"
    y2="10"
  />
  <line
    stroke="none"
    stroke-linecap="round"
    stroke-width="0.5"
    x1="10"
    x2="10"
    y1="0"
    y2="10"
  />
  <line
    stroke="none"
    stroke-linecap="round"
    stroke-width="0.5"
    x1="5"
    x2="5"
    y1="0"
    y2="10"
  />
  
  
  
</div>
`;

exports[`Texture.svelte > should render pattern "Circles" using Texture 1`] = `
<div>
  <!---->
  <!---->
  <circle
    cx="0"
    cy="0"
    fill="none"
    r="5"
    stroke="none"
  />
  <circle
    cx="10"
    cy="10"
    fill="none"
    r="5"
    stroke="none"
  />
  
  
  
</div>
`;

exports[`Texture.svelte > should render pattern "Dominoes" using Texture 1`] = `
<div>
  <!---->
  <!---->
  <circle
    cx="2"
    cy="2"
    fill="none"
    r="8"
    stroke="currentColor"
  />
  <circle
    cx="4"
    cy="4"
    fill="none"
    r="8"
    stroke="currentColor"
  />
  <circle
    cx="6"
    cy="6"
    fill="none"
    r="8"
    stroke="currentColor"
  />
  <circle
    cx="8"
    cy="8"
    fill="none"
    r="8"
    stroke="currentColor"
  />
  <circle
    cx="8"
    cy="2"
    fill="none"
    r="8"
    stroke="currentColor"
  />
  <circle
    cx="6"
    cy="4"
    fill="none"
    r="8"
    stroke="currentColor"
  />
  <circle
    cx="4"
    cy="6"
    fill="none"
    r="8"
    stroke="currentColor"
  />
  <circle
    cx="2"
    cy="8"
    fill="none"
    r="8"
    stroke="currentColor"
  />
  
  
  
</div>
`;

exports[`Texture.svelte > should render pattern "Waves" using Texture 1`] = `
<div>
  <!---->
  <path
    d="M 0 2.5 A 6 5 0 0 0 10 2.5"
    fill="none"
    stroke="currentColor"
    stroke-width="0.5"
  />
  
  
</div>
`;
