// Vitest Snapshot v1, https://vitest.dev/guide/snapshot.html

exports[`StaticContent > renders the content 1`] = `
<div>
  <p>
    This is a static content component.
  </p>
  
</div>
`;
