// Vitest Snapshot v1, https://vitest.dev/guide/snapshot.html

exports[`Accordion.svelte > should render using default field mapping 1`] = `
<div>
  <accordion
    class="flex w-full select-none flex-col "
    tabindex="0"
  >
    
  </accordion>
  
</div>
`;
