// Vitest Snapshot v1, https://vitest.dev/guide/snapshot.html

exports[`InputArray.svelte > should render using default field mapping 1`] = `
<body>
  <div>
    <section
      class="flex "
    >
      <list
        class="flex flex-col w-full flex-shrink-0 select-none list"
        role="listbox"
        tabindex="0"
      >
         
      </list>
      
       
      <wrap-items>
        <error>
          Invalid schema. Expected schema to include an 'elements' array.
        </error>
        
      </wrap-items>
    </section>
  </div>
</body>
`;
