// Vitest Snapshot v1, https://vitest.dev/guide/snapshot.html

exports[`Bar.svelte > should render a bar 1`] = `
<div>
  <rect
    fill="red"
    height="60"
    opacity="0.5"
    y="65"
  />
   
  <rect
    fill="red"
    height="60"
    width="5"
    y="65"
  />
   
  <text
    class="label"
    text-anchor="end"
    transform="translate(undefined,89) rotate(0)"
  >
    Alpha
  </text>
   
  <text
    class="label small"
    text-anchor="end"
    transform="translate(undefined,111) rotate(0)"
  >
    1000.0%
  </text>
</div>
`;
