// Vitest Snapshot v1, https://vitest.dev/guide/snapshot.html

exports[`DiscreteLegend.svelte > should render 1`] = `
<div>
  <text
    class="svelte-133vv1u"
    font-size="5"
    x="10"
    y="5"
  >
    0
  </text>
   
  <rect
    class="svelte-133vv1u"
    fill="0"
    height="10"
    rx="1"
    ry="1"
    width="10"
    x="5"
    y="10"
  />
  <text
    class="svelte-133vv1u"
    font-size="5"
    x="22"
    y="5"
  >
    0.1
  </text>
   
  <rect
    class="svelte-133vv1u"
    fill="0.1"
    height="10"
    rx="1"
    ry="1"
    width="10"
    x="17"
    y="10"
  />
  <text
    class="svelte-133vv1u"
    font-size="5"
    x="34"
    y="5"
  >
    0.2
  </text>
   
  <rect
    class="svelte-133vv1u"
    fill="0.2"
    height="10"
    rx="1"
    ry="1"
    width="10"
    x="29"
    y="10"
  />
  <text
    class="svelte-133vv1u"
    font-size="5"
    x="46"
    y="5"
  >
    0.3
  </text>
   
  <rect
    class="svelte-133vv1u"
    fill="0.3"
    height="10"
    rx="1"
    ry="1"
    width="10"
    x="41"
    y="10"
  />
  <text
    class="svelte-133vv1u"
    font-size="5"
    x="58"
    y="5"
  >
    0.4
  </text>
   
  <rect
    class="svelte-133vv1u"
    fill="0.4"
    height="10"
    rx="1"
    ry="1"
    width="10"
    x="53"
    y="10"
  />
  <text
    class="svelte-133vv1u"
    font-size="5"
    x="70"
    y="5"
  >
    0.5
  </text>
   
  <rect
    class="svelte-133vv1u"
    fill="0.5"
    height="10"
    rx="1"
    ry="1"
    width="10"
    x="65"
    y="10"
  />
  <text
    class="svelte-133vv1u"
    font-size="5"
    x="82"
    y="5"
  >
    0.6
  </text>
   
  <rect
    class="svelte-133vv1u"
    fill="0.6"
    height="10"
    rx="1"
    ry="1"
    width="10"
    x="77"
    y="10"
  />
  <text
    class="svelte-133vv1u"
    font-size="5"
    x="94"
    y="5"
  >
    0.7
  </text>
   
  <rect
    class="svelte-133vv1u"
    fill="0.7"
    height="10"
    rx="1"
    ry="1"
    width="10"
    x="89"
    y="10"
  />
  <text
    class="svelte-133vv1u"
    font-size="5"
    x="106"
    y="5"
  >
    0.8
  </text>
   
  <rect
    class="svelte-133vv1u"
    fill="0.8"
    height="10"
    rx="1"
    ry="1"
    width="10"
    x="101"
    y="10"
  />
  <text
    class="svelte-133vv1u"
    font-size="5"
    x="118"
    y="5"
  >
    0.9
  </text>
   
  <rect
    class="svelte-133vv1u"
    fill="0.9"
    height="10"
    rx="1"
    ry="1"
    width="10"
    x="113"
    y="10"
  />
  <text
    class="svelte-133vv1u"
    font-size="5"
    x="130"
    y="5"
  >
    1
  </text>
   
  <rect
    class="svelte-133vv1u"
    fill="1"
    height="10"
    rx="1"
    ry="1"
    width="10"
    x="125"
    y="10"
  />
  
</div>
`;
